PASS hotspot mobile default
PASS hotspot tablet default
PASS hotspot mobile success
PASS hotspot desktop default
PASS hotspot tablet success
PASS hotspot desktop success
PASS offline mobile default
PASS offline tablet default
PASS offline mobile success
PASS offline tablet success
PASS offline desktop default
PASS offline desktop success
PASS remote mobile default
PASS remote tablet default
PASS remote mobile success
PASS remote desktop default
PASS remote desktop success
PASS remote tablet success
PASS hotspot mobile focus
PASS hotspot mobile empty
PASS hotspot mobile disabled
PASS hotspot mobile loading
PASS hotspot mobile error
PASS hotspot mobile needs-review
PASS 24 browser states; reflow, keyboard, WASM success/failure and event deduplication
