PASS scene-mobile-default
PASS scene-mobile-success
PASS scene-mobile-disabled
PASS scene-mobile-focus
PASS scene-mobile-paused
PASS scene-mobile-reduced-motion
PASS planner-mobile-default
PASS planner-mobile-success
PASS planner-mobile-empty
PASS planner-mobile-loading
PASS planner-mobile-error
PASS scene-tablet-default
PASS scene-tablet-success
PASS scene-tablet-disabled
PASS scene-tablet-focus
PASS scene-tablet-paused
PASS scene-tablet-reduced-motion
PASS planner-tablet-default
PASS planner-tablet-success
PASS planner-tablet-empty
PASS planner-tablet-loading
PASS planner-tablet-error
PASS scene-desktop-default
PASS scene-desktop-success
PASS scene-desktop-disabled
PASS scene-desktop-focus
PASS scene-desktop-paused
PASS scene-desktop-reduced-motion
PASS planner-desktop-default
PASS planner-desktop-success
PASS planner-desktop-empty
PASS planner-desktop-loading
PASS planner-desktop-error
PASS scene-na-kakoy-vysote-veshat-televizor-mobile-success
PASS scene-rozetki-pod-televizor-na-stene-mobile-success
PASS scene-kakoy-hdmi-kabel-nuzhen-mobile-success
PASS scene-televizor-ne-vidit-noutbuk-cherez-hdmi-mobile-success
PASS scene-desktop-success-zoom
PASS planner-desktop-success-zoom
PASS scene-rozetki-pod-televizor-na-stene-mobile-success-step1
PASS scene-rozetki-pod-televizor-na-stene-desktop-success-step1
PASS scene-rozetki-pod-televizor-na-stene-mobile-success-step2
PASS scene-rozetki-pod-televizor-na-stene-desktop-success-step2
PASS scene-kakoy-hdmi-kabel-nuzhen-mobile-success-step1
PASS scene-kakoy-hdmi-kabel-nuzhen-desktop-success-step1
PASS scene-kak-povesit-televizor-na-stenu-mobile-success-step4
PASS scene-kak-povesit-televizor-na-stenu-desktop-success-step4
PASS planner-mobile-success-diagram
PASS planner-tablet-success-diagram
PASS planner-desktop-success-diagram
PASS planner-tablet-success-diagram-boundary
PASS planner-desktop-success-diagram-boundary
PASS 52 rendered cases; no-JS answer preserved.
